[levantar] iniciando monitor...
[monitor] escuchando UDP en 127.0.0.1:9300
[levantar] iniciando bus de eventos...
[bus] escuchando en 127.0.0.1:9200
[levantar] iniciando coordinador...
[coordinador] escuchando en 127.0.0.1:9000
[levantar] iniciando liquidador-1...
[levantar] iniciando liquidador-2...
[levantar] iniciando nodo-1 en puerto 9101...
[liquidador-1] iniciado, consumiendo del bus
[liquidador-2] iniciado, consumiendo del bus
[coordinador] nodo registrado: nodo-1
[nodo-1] escuchando en 127.0.0.1:9101 con 8 hilos, cupo inicial 5000000000.0
[levantar] iniciando nodo-2 en puerto 9102...
[coordinador] nodo registrado: nodo-2
[nodo-2] escuchando en 127.0.0.1:9102 con 8 hilos, cupo inicial 5000000000.0
[levantar] iniciando nodo-3 en puerto 9103...
[coordinador] nodo registrado: nodo-3
[nodo-3] escuchando en 127.0.0.1:9103 con 8 hilos, cupo inicial 5000000000.0
[levantar] iniciando nodo-4 en puerto 9104...
[coordinador] nodo registrado: nodo-4
[nodo-4] escuchando en 127.0.0.1:9104 con 8 hilos, cupo inicial 5000000000.0

[levantar] red activa: 1 coordinador, 1 bus, 1 monitor, 4 nodos, 2 liquidadores.
[levantar] presiona Ctrl+C para detener.

[coordinador] nodo registrado: nodo-sat
[coordinador] nodo registrado: nodo-sat
[coordinador] nodo registrado: nodo-sat
[coordinador] nodo registrado: nodo-sat
[coordinador] nodo registrado: nodo-sat
[coordinador] nodo registrado: nodo-sat
[coordinador] nodo registrado: nodo-sat
[coordinador] nodo caído detectado: nodo-sat
[levantar] atención: un proceso terminó de forma inesperada (pid 29946)
[levantar] atención: un proceso terminó de forma inesperada (pid 29946)
[levantar] atención: un proceso terminó de forma inesperada (pid 29946)
[levantar] atención: un proceso terminó de forma inesperada (pid 29946)
[levantar] atención: un proceso terminó de forma inesperada (pid 29946)
[levantar] atención: un proceso terminó de forma inesperada (pid 29946)
[levantar] atención: un proceso terminó de forma inesperada (pid 29946)
[levantar] atención: un proceso terminó de forma inesperada (pid 29946)
[nodo-1] sincronizadas 400 apuestas del outbox
[levantar] atención: un proceso terminó de forma inesperada (pid 29946)
[levantar] atención: un proceso terminó de forma inesperada (pid 29946)
[levantar] atención: un proceso terminó de forma inesperada (pid 29946)
[levantar] atención: un proceso terminó de forma inesperada (pid 29946)
[levantar] atención: un proceso terminó de forma inesperada (pid 29946)
[levantar] atención: un proceso terminó de forma inesperada (pid 29946)
[levantar] atención: un proceso terminó de forma inesperada (pid 29946)
[levantar] atención: un proceso terminó de forma inesperada (pid 29946)
[levantar] atención: un proceso terminó de forma inesperada (pid 29946)
[levantar] atención: un proceso terminó de forma inesperada (pid 29946)
[levantar] atención: un proceso terminó de forma inesperada (pid 29946)
[levantar] atención: un proceso terminó de forma inesperada (pid 29946)
[levantar] atención: un proceso terminó de forma inesperada (pid 29946)
[levantar] atención: un proceso terminó de forma inesperada (pid 29946)
[levantar] atención: un proceso terminó de forma inesperada (pid 29946)
[levantar] atención: un proceso terminó de forma inesperada (pid 29946)
[levantar] atención: un proceso terminó de forma inesperada (pid 29946)
[levantar] atención: un proceso terminó de forma inesperada (pid 29946)
[levantar] atención: un proceso terminó de forma inesperada (pid 29946)
[levantar] atención: un proceso terminó de forma inesperada (pid 29946)
[levantar] atención: un proceso terminó de forma inesperada (pid 29946)
[levantar] atención: un proceso terminó de forma inesperada (pid 29946)
[levantar] atención: un proceso terminó de forma inesperada (pid 29946)
[levantar] atención: un proceso terminó de forma inesperada (pid 29946)
[levantar] atención: un proceso terminó de forma inesperada (pid 29946)
[levantar] atención: un proceso terminó de forma inesperada (pid 29946)
[levantar] atención: un proceso terminó de forma inesperada (pid 29946)
[levantar] atención: un proceso terminó de forma inesperada (pid 29946)
[levantar] atención: un proceso terminó de forma inesperada (pid 29946)
[levantar] atención: un proceso terminó de forma inesperada (pid 29946)
[levantar] atención: un proceso terminó de forma inesperada (pid 29946)
[levantar] atención: un proceso terminó de forma inesperada (pid 29946)
[levantar] atención: un proceso terminó de forma inesperada (pid 29946)
[levantar] atención: un proceso terminó de forma inesperada (pid 29946)
[levantar] atención: un proceso terminó de forma inesperada (pid 29946)
[levantar] atención: un proceso terminó de forma inesperada (pid 29946)
[levantar] atención: un proceso terminó de forma inesperada (pid 29946)
[levantar] atención: un proceso terminó de forma inesperada (pid 29946)
[levantar] atención: un proceso terminó de forma inesperada (pid 29946)
[levantar] atención: un proceso terminó de forma inesperada (pid 29946)
[levantar] atención: un proceso terminó de forma inesperada (pid 29946)
[levantar] atención: un proceso terminó de forma inesperada (pid 29946)
[levantar] atención: un proceso terminó de forma inesperada (pid 29946)
[levantar] atención: un proceso terminó de forma inesperada (pid 29946)
[levantar] atención: un proceso terminó de forma inesperada (pid 29946)
[levantar] atención: un proceso terminó de forma inesperada (pid 29946)
[levantar] atención: un proceso terminó de forma inesperada (pid 29946)
[levantar] atención: un proceso terminó de forma inesperada (pid 29946)
[levantar] atención: un proceso terminó de forma inesperada (pid 29946)
[levantar] atención: un proceso terminó de forma inesperada (pid 29946)
[levantar] atención: un proceso terminó de forma inesperada (pid 29946)
[levantar] atención: un proceso terminó de forma inesperada (pid 29946)
[levantar] atención: un proceso terminó de forma inesperada (pid 29944)
[levantar] atención: un proceso terminó de forma inesperada (pid 29945)
[levantar] atención: un proceso terminó de forma inesperada (pid 29946)
[levantar] atención: un proceso terminó de forma inesperada (pid 29948)
[levantar] atención: un proceso terminó de forma inesperada (pid 29949)
[levantar] atención: un proceso terminó de forma inesperada (pid 29950)
[levantar] atención: un proceso terminó de forma inesperada (pid 29958)
[levantar] atención: un proceso terminó de forma inesperada (pid 29966)
[levantar] atención: un proceso terminó de forma inesperada (pid 29974)
[levantar] atención: un proceso terminó de forma inesperada (pid 29944)
[levantar] atención: un proceso terminó de forma inesperada (pid 29945)
[levantar] atención: un proceso terminó de forma inesperada (pid 29946)
[levantar] atención: un proceso terminó de forma inesperada (pid 29948)
[levantar] atención: un proceso terminó de forma inesperada (pid 29949)
[levantar] atención: un proceso terminó de forma inesperada (pid 29950)
[levantar] atención: un proceso terminó de forma inesperada (pid 29958)
[levantar] atención: un proceso terminó de forma inesperada (pid 29966)
[levantar] atención: un proceso terminó de forma inesperada (pid 29974)
[levantar] atención: un proceso terminó de forma inesperada (pid 29944)
[levantar] atención: un proceso terminó de forma inesperada (pid 29945)
[levantar] atención: un proceso terminó de forma inesperada (pid 29946)
[levantar] atención: un proceso terminó de forma inesperada (pid 29948)
[levantar] atención: un proceso terminó de forma inesperada (pid 29949)
[levantar] atención: un proceso terminó de forma inesperada (pid 29950)
[levantar] atención: un proceso terminó de forma inesperada (pid 29958)
[levantar] atención: un proceso terminó de forma inesperada (pid 29966)
[levantar] atención: un proceso terminó de forma inesperada (pid 29974)
[levantar] atención: un proceso terminó de forma inesperada (pid 29944)
[levantar] atención: un proceso terminó de forma inesperada (pid 29945)
[levantar] atención: un proceso terminó de forma inesperada (pid 29946)
[levantar] atención: un proceso terminó de forma inesperada (pid 29948)
[levantar] atención: un proceso terminó de forma inesperada (pid 29949)
[levantar] atención: un proceso terminó de forma inesperada (pid 29950)
[levantar] atención: un proceso terminó de forma inesperada (pid 29958)
[levantar] atención: un proceso terminó de forma inesperada (pid 29966)
[levantar] atención: un proceso terminó de forma inesperada (pid 29974)
[levantar] atención: un proceso terminó de forma inesperada (pid 29944)
[levantar] atención: un proceso terminó de forma inesperada (pid 29945)
[levantar] atención: un proceso terminó de forma inesperada (pid 29946)
[levantar] atención: un proceso terminó de forma inesperada (pid 29948)
[levantar] atención: un proceso terminó de forma inesperada (pid 29949)
[levantar] atención: un proceso terminó de forma inesperada (pid 29950)
[levantar] atención: un proceso terminó de forma inesperada (pid 29958)
[levantar] atención: un proceso terminó de forma inesperada (pid 29966)
[levantar] atención: un proceso terminó de forma inesperada (pid 29974)
[levantar] atención: un proceso terminó de forma inesperada (pid 29944)
[levantar] atención: un proceso terminó de forma inesperada (pid 29945)
[levantar] atención: un proceso terminó de forma inesperada (pid 29946)
[levantar] atención: un proceso terminó de forma inesperada (pid 29948)
[levantar] atención: un proceso terminó de forma inesperada (pid 29949)
[levantar] atención: un proceso terminó de forma inesperada (pid 29950)
[levantar] atención: un proceso terminó de forma inesperada (pid 29958)
[levantar] atención: un proceso terminó de forma inesperada (pid 29966)
[levantar] atención: un proceso terminó de forma inesperada (pid 29974)
[levantar] atención: un proceso terminó de forma inesperada (pid 29944)
[levantar] atención: un proceso terminó de forma inesperada (pid 29945)
[levantar] atención: un proceso terminó de forma inesperada (pid 29946)
[levantar] atención: un proceso terminó de forma inesperada (pid 29948)
[levantar] atención: un proceso terminó de forma inesperada (pid 29949)
[levantar] atención: un proceso terminó de forma inesperada (pid 29950)
[levantar] atención: un proceso terminó de forma inesperada (pid 29958)
[levantar] atención: un proceso terminó de forma inesperada (pid 29966)
[levantar] atención: un proceso terminó de forma inesperada (pid 29974)
[levantar] atención: un proceso terminó de forma inesperada (pid 29944)
[levantar] atención: un proceso terminó de forma inesperada (pid 29945)
[levantar] atención: un proceso terminó de forma inesperada (pid 29946)
[levantar] atención: un proceso terminó de forma inesperada (pid 29948)
[levantar] atención: un proceso terminó de forma inesperada (pid 29949)
[levantar] atención: un proceso terminó de forma inesperada (pid 29950)
[levantar] atención: un proceso terminó de forma inesperada (pid 29958)
[levantar] atención: un proceso terminó de forma inesperada (pid 29966)
[levantar] atención: un proceso terminó de forma inesperada (pid 29974)
[levantar] atención: un proceso terminó de forma inesperada (pid 29944)
[levantar] atención: un proceso terminó de forma inesperada (pid 29945)
[levantar] atención: un proceso terminó de forma inesperada (pid 29946)
[levantar] atención: un proceso terminó de forma inesperada (pid 29948)
[levantar] atención: un proceso terminó de forma inesperada (pid 29949)
[levantar] atención: un proceso terminó de forma inesperada (pid 29950)
[levantar] atención: un proceso terminó de forma inesperada (pid 29958)
[levantar] atención: un proceso terminó de forma inesperada (pid 29966)
[levantar] atención: un proceso terminó de forma inesperada (pid 29974)
[levantar] atención: un proceso terminó de forma inesperada (pid 29944)
[levantar] atención: un proceso terminó de forma inesperada (pid 29945)
[levantar] atención: un proceso terminó de forma inesperada (pid 29946)
[levantar] atención: un proceso terminó de forma inesperada (pid 29948)
[levantar] atención: un proceso terminó de forma inesperada (pid 29949)
[levantar] atención: un proceso terminó de forma inesperada (pid 29950)
[levantar] atención: un proceso terminó de forma inesperada (pid 29958)
[levantar] atención: un proceso terminó de forma inesperada (pid 29966)
[levantar] atención: un proceso terminó de forma inesperada (pid 29974)
[levantar] atención: un proceso terminó de forma inesperada (pid 29944)
[levantar] atención: un proceso terminó de forma inesperada (pid 29945)
[levantar] atención: un proceso terminó de forma inesperada (pid 29946)
[levantar] atención: un proceso terminó de forma inesperada (pid 29948)
[levantar] atención: un proceso terminó de forma inesperada (pid 29949)
[levantar] atención: un proceso terminó de forma inesperada (pid 29950)
[levantar] atención: un proceso terminó de forma inesperada (pid 29958)
[levantar] atención: un proceso terminó de forma inesperada (pid 29966)
[levantar] atención: un proceso terminó de forma inesperada (pid 29974)
[levantar] atención: un proceso terminó de forma inesperada (pid 29944)
[levantar] atención: un proceso terminó de forma inesperada (pid 29945)
[levantar] atención: un proceso terminó de forma inesperada (pid 29946)
[levantar] atención: un proceso terminó de forma inesperada (pid 29948)
[levantar] atención: un proceso terminó de forma inesperada (pid 29949)
[levantar] atención: un proceso terminó de forma inesperada (pid 29950)
[levantar] atención: un proceso terminó de forma inesperada (pid 29958)
[levantar] atención: un proceso terminó de forma inesperada (pid 29966)
[levantar] atención: un proceso terminó de forma inesperada (pid 29974)
[levantar] atención: un proceso terminó de forma inesperada (pid 29944)
[levantar] atención: un proceso terminó de forma inesperada (pid 29945)
[levantar] atención: un proceso terminó de forma inesperada (pid 29946)
[levantar] atención: un proceso terminó de forma inesperada (pid 29948)
[levantar] atención: un proceso terminó de forma inesperada (pid 29949)
[levantar] atención: un proceso terminó de forma inesperada (pid 29950)
[levantar] atención: un proceso terminó de forma inesperada (pid 29958)
[levantar] atención: un proceso terminó de forma inesperada (pid 29966)
[levantar] atención: un proceso terminó de forma inesperada (pid 29974)
[levantar] atención: un proceso terminó de forma inesperada (pid 29944)
[levantar] atención: un proceso terminó de forma inesperada (pid 29945)
[levantar] atención: un proceso terminó de forma inesperada (pid 29946)
[levantar] atención: un proceso terminó de forma inesperada (pid 29948)
[levantar] atención: un proceso terminó de forma inesperada (pid 29949)
[levantar] atención: un proceso terminó de forma inesperada (pid 29950)
[levantar] atención: un proceso terminó de forma inesperada (pid 29958)
[levantar] atención: un proceso terminó de forma inesperada (pid 29966)
[levantar] atención: un proceso terminó de forma inesperada (pid 29974)
[levantar] atención: un proceso terminó de forma inesperada (pid 29944)
[levantar] atención: un proceso terminó de forma inesperada (pid 29945)
[levantar] atención: un proceso terminó de forma inesperada (pid 29946)
[levantar] atención: un proceso terminó de forma inesperada (pid 29948)
[levantar] atención: un proceso terminó de forma inesperada (pid 29949)
[levantar] atención: un proceso terminó de forma inesperada (pid 29950)
[levantar] atención: un proceso terminó de forma inesperada (pid 29958)
[levantar] atención: un proceso terminó de forma inesperada (pid 29966)
[levantar] atención: un proceso terminó de forma inesperada (pid 29974)
[levantar] atención: un proceso terminó de forma inesperada (pid 29944)
[levantar] atención: un proceso terminó de forma inesperada (pid 29945)
[levantar] atención: un proceso terminó de forma inesperada (pid 29946)
[levantar] atención: un proceso terminó de forma inesperada (pid 29948)
[levantar] atención: un proceso terminó de forma inesperada (pid 29949)
[levantar] atención: un proceso terminó de forma inesperada (pid 29950)
[levantar] atención: un proceso terminó de forma inesperada (pid 29958)
[levantar] atención: un proceso terminó de forma inesperada (pid 29966)
[levantar] atención: un proceso terminó de forma inesperada (pid 29974)
[levantar] atención: un proceso terminó de forma inesperada (pid 29944)
[levantar] atención: un proceso terminó de forma inesperada (pid 29945)
[levantar] atención: un proceso terminó de forma inesperada (pid 29946)
[levantar] atención: un proceso terminó de forma inesperada (pid 29948)
[levantar] atención: un proceso terminó de forma inesperada (pid 29949)
[levantar] atención: un proceso terminó de forma inesperada (pid 29950)
[levantar] atención: un proceso terminó de forma inesperada (pid 29958)
[levantar] atención: un proceso terminó de forma inesperada (pid 29966)
[levantar] atención: un proceso terminó de forma inesperada (pid 29974)
[levantar] atención: un proceso terminó de forma inesperada (pid 29944)
[levantar] atención: un proceso terminó de forma inesperada (pid 29945)
[levantar] atención: un proceso terminó de forma inesperada (pid 29946)
[levantar] atención: un proceso terminó de forma inesperada (pid 29948)
[levantar] atención: un proceso terminó de forma inesperada (pid 29949)
[levantar] atención: un proceso terminó de forma inesperada (pid 29950)
[levantar] atención: un proceso terminó de forma inesperada (pid 29958)
[levantar] atención: un proceso terminó de forma inesperada (pid 29966)
[levantar] atención: un proceso terminó de forma inesperada (pid 29974)
[levantar] atención: un proceso terminó de forma inesperada (pid 29944)
[levantar] atención: un proceso terminó de forma inesperada (pid 29945)
[levantar] atención: un proceso terminó de forma inesperada (pid 29946)
[levantar] atención: un proceso terminó de forma inesperada (pid 29948)
[levantar] atención: un proceso terminó de forma inesperada (pid 29949)
[levantar] atención: un proceso terminó de forma inesperada (pid 29950)
[levantar] atención: un proceso terminó de forma inesperada (pid 29958)
[levantar] atención: un proceso terminó de forma inesperada (pid 29966)
[levantar] atención: un proceso terminó de forma inesperada (pid 29974)
[levantar] atención: un proceso terminó de forma inesperada (pid 29944)
[levantar] atención: un proceso terminó de forma inesperada (pid 29945)
[levantar] atención: un proceso terminó de forma inesperada (pid 29946)
[levantar] atención: un proceso terminó de forma inesperada (pid 29948)
[levantar] atención: un proceso terminó de forma inesperada (pid 29949)
[levantar] atención: un proceso terminó de forma inesperada (pid 29950)
[levantar] atención: un proceso terminó de forma inesperada (pid 29958)
[levantar] atención: un proceso terminó de forma inesperada (pid 29966)
[levantar] atención: un proceso terminó de forma inesperada (pid 29974)
[levantar] atención: un proceso terminó de forma inesperada (pid 29944)
[levantar] atención: un proceso terminó de forma inesperada (pid 29945)
[levantar] atención: un proceso terminó de forma inesperada (pid 29946)
[levantar] atención: un proceso terminó de forma inesperada (pid 29948)
[levantar] atención: un proceso terminó de forma inesperada (pid 29949)
[levantar] atención: un proceso terminó de forma inesperada (pid 29950)
[levantar] atención: un proceso terminó de forma inesperada (pid 29958)
[levantar] atención: un proceso terminó de forma inesperada (pid 29966)
[levantar] atención: un proceso terminó de forma inesperada (pid 29974)
[levantar] atención: un proceso terminó de forma inesperada (pid 29944)
[levantar] atención: un proceso terminó de forma inesperada (pid 29945)
[levantar] atención: un proceso terminó de forma inesperada (pid 29946)
[levantar] atención: un proceso terminó de forma inesperada (pid 29948)
[levantar] atención: un proceso terminó de forma inesperada (pid 29949)
[levantar] atención: un proceso terminó de forma inesperada (pid 29950)
[levantar] atención: un proceso terminó de forma inesperada (pid 29958)
[levantar] atención: un proceso terminó de forma inesperada (pid 29966)
[levantar] atención: un proceso terminó de forma inesperada (pid 29974)
[levantar] atención: un proceso terminó de forma inesperada (pid 29944)
[levantar] atención: un proceso terminó de forma inesperada (pid 29945)
[levantar] atención: un proceso terminó de forma inesperada (pid 29946)
[levantar] atención: un proceso terminó de forma inesperada (pid 29948)
[levantar] atención: un proceso terminó de forma inesperada (pid 29949)
[levantar] atención: un proceso terminó de forma inesperada (pid 29950)
[levantar] atención: un proceso terminó de forma inesperada (pid 29958)
[levantar] atención: un proceso terminó de forma inesperada (pid 29966)
[levantar] atención: un proceso terminó de forma inesperada (pid 29974)
[levantar] atención: un proceso terminó de forma inesperada (pid 29944)
[levantar] atención: un proceso terminó de forma inesperada (pid 29945)
[levantar] atención: un proceso terminó de forma inesperada (pid 29946)
[levantar] atención: un proceso terminó de forma inesperada (pid 29948)
[levantar] atención: un proceso terminó de forma inesperada (pid 29949)
[levantar] atención: un proceso terminó de forma inesperada (pid 29950)
[levantar] atención: un proceso terminó de forma inesperada (pid 29958)
[levantar] atención: un proceso terminó de forma inesperada (pid 29966)
[levantar] atención: un proceso terminó de forma inesperada (pid 29974)
[levantar] atención: un proceso terminó de forma inesperada (pid 29944)
[levantar] atención: un proceso terminó de forma inesperada (pid 29945)
[levantar] atención: un proceso terminó de forma inesperada (pid 29946)
[levantar] atención: un proceso terminó de forma inesperada (pid 29948)
[levantar] atención: un proceso terminó de forma inesperada (pid 29949)
[levantar] atención: un proceso terminó de forma inesperada (pid 29950)
[levantar] atención: un proceso terminó de forma inesperada (pid 29958)
[levantar] atención: un proceso terminó de forma inesperada (pid 29966)
[levantar] atención: un proceso terminó de forma inesperada (pid 29974)
